objc[1290]: Class GNotificationCenterDelegate is implemented in both /Users/mira/Documents/GitHub/FileLabs/server/node_modules/@img/sharp-libvips-darwin-arm64/lib/libvips-cpp.8.17.3.dylib (0x121d35978) and /Users/mira/Documents/GitHub/FileLabs/server/node_modules/canvas/build/Release/libgio-2.0.0.dylib (0x120c884c8). One of the two will be used. Which one is undefined.
Server running at http://localhost:3001
Connected to MySQL database!
Fetching info for URL: https://www.instagram.com/reel/DS7mBu-gjlq/?igsh=NW92dTg5eDI2em02
Detected platform: instagram
Media info: {
  title: 'Instagram Video',
  duration: 'Unknown',
  durationSeconds: 0,
  thumbnail: null,
  previewUrl: 'https://scontent-man2-1.cdninstagram.com/o1/v/t16/f2/m69/AQOe1-9MCkuU9sRYmTG3VfvPQepu3Q6qNPHo_a34mcPPIFqQIjwkLeeBKJ3GKtXuAwK1exNyMxJ6xIOPf1AIN9du.mp4?strext=1&_nc_cat=109&_nc_sid=5e9851&_nc_ht=scontent-man2-1.cdninstagram.com&_nc_ohc=JRvFBR5VN-UQ7kNvwFjTQxA&efg=eyJ2ZW5jb2RlX3RhZyI6Inhwdl9wcm9ncmVzc2l2ZS5JTlNUQUdSQU0uQ0xJUFMuQzMuNzIwLmRhc2hfYmFzZWxpbmVfMV92MSIsInhwdl9hc3NldF9pZCI6MTM3NjEzMjk2NjgyMTU5NywiYXNzZXRfYWdlX2RheXMiOjE1LCJ2aV91c2VjYXNlX2lkIjoxMDA5OSwiZHVyYXRpb25fcyI6NiwidXJsZ2VuX3NvdXJjZSI6Ind3dyJ9&ccb=17-1&vs=5af6bbd5e4ff589&_nc_vs=HBksFQIYOnBhc3N0aHJvdWdoX2V2ZXJzdG9yZS9HSGs1VENUcUJ5V25OelVFQVB5clQwMnBjdDhIYnNwVEFRQUYVAALIARIAFQIYOnBhc3N0aHJvdWdoX2V2ZXJzdG9yZS9HRElyVGlST0lUTFJObjRGQU00ejd1MHh1R2dZYnN0VEFRQUYVAgLIARIAKAAYABsCiAd1c2Vfb2lsATEScHJvZ3Jlc3NpdmVfcmVjaXBlATEVAAAmuru1yr3l8QQVAigCQzMsF0AcAAAAAAAAGBJkYXNoX2Jhc2VsaW5lXzFfdjERAHX-B2XmnQEA&_nc_gid=LOGCP-X3eAdpUbEEcdheJg&_nc_zt=28&oh=00_Afp2F2QYB-HyzNF09Bsa4PX5l1CS9RYysDkE52eY2ZcdUw&oe=69701CCF',
  uploader: 'Instagram',
  formats: { hasVideo: true, hasAudio: true },
  originalUrl: 'https://www.instagram.com/reel/DS7mBu-gjlq/?igsh=NW92dTg5eDI2em02',
  platform: 'instagram',
  downloadUrls: {
    video: [
      'https://scontent-man2-1.cdninstagram.com/o1/v/t16/f2/m69/AQOe1-9MCkuU9sRYmTG3VfvPQepu3Q6qNPHo_a34mcPPIFqQIjwkLeeBKJ3GKtXuAwK1exNyMxJ6xIOPf1AIN9du.mp4?strext=1&_nc_cat=109&_nc_sid=5e9851&_nc_ht=scontent-man2-1.cdninstagram.com&_nc_ohc=JRvFBR5VN-UQ7kNvwFjTQxA&efg=eyJ2ZW5jb2RlX3RhZyI6Inhwdl9wcm9ncmVzc2l2ZS5JTlNUQUdSQU0uQ0xJUFMuQzMuNzIwLmRhc2hfYmFzZWxpbmVfMV92MSIsInhwdl9hc3NldF9pZCI6MTM3NjEzMjk2NjgyMTU5NywiYXNzZXRfYWdlX2RheXMiOjE1LCJ2aV91c2VjYXNlX2lkIjoxMDA5OSwiZHVyYXRpb25fcyI6NiwidXJsZ2VuX3NvdXJjZSI6Ind3dyJ9&ccb=17-1&vs=5af6bbd5e4ff589&_nc_vs=HBksFQIYOnBhc3N0aHJvdWdoX2V2ZXJzdG9yZS9HSGs1VENUcUJ5V25OelVFQVB5clQwMnBjdDhIYnNwVEFRQUYVAALIARIAFQIYOnBhc3N0aHJvdWdoX2V2ZXJzdG9yZS9HRElyVGlST0lUTFJObjRGQU00ejd1MHh1R2dZYnN0VEFRQUYVAgLIARIAKAAYABsCiAd1c2Vfb2lsATEScHJvZ3Jlc3NpdmVfcmVjaXBlATEVAAAmuru1yr3l8QQVAigCQzMsF0AcAAAAAAAAGBJkYXNoX2Jhc2VsaW5lXzFfdjERAHX-B2XmnQEA&_nc_gid=LOGCP-X3eAdpUbEEcdheJg&_nc_zt=28&oh=00_Afp2F2QYB-HyzNF09Bsa4PX5l1CS9RYysDkE52eY2ZcdUw&oe=69701CCF'
    ]
  }
}
Downloading media from https://www.instagram.com/reel/DS7mBu-gjlq/?igsh=NW92dTg5eDI2em02 with format: video+audio
Platform: instagram
Error downloading media: TypeError: instagramGetUrl is not a function
    at downloadInstagram (/Users/mira/Documents/GitHub/FileLabs/server/routes/urlDownload/downloadHandler.js:257:23)
    at downloadMedia (/Users/mira/Documents/GitHub/FileLabs/server/routes/urlDownload/downloadHandler.js:31:15)
    at /Users/mira/Documents/GitHub/FileLabs/server/routes/urlDownload.js:51:11
    at Layer.handleRequest (/Users/mira/Documents/GitHub/FileLabs/server/node_modules/router/lib/layer.js:152:17)
    at next (/Users/mira/Documents/GitHub/FileLabs/server/node_modules/router/lib/route.js:157:13)
    at Route.dispatch (/Users/mira/Documents/GitHub/FileLabs/server/node_modules/router/lib/route.js:117:3)
    at handle (/Users/mira/Documents/GitHub/FileLabs/server/node_modules/router/index.js:435:11)
    at Layer.handleRequest (/Users/mira/Documents/GitHub/FileLabs/server/node_modules/router/lib/layer.js:152:17)
    at /Users/mira/Documents/GitHub/FileLabs/server/node_modules/router/index.js:295:15
    at processParams (/Users/mira/Documents/GitHub/FileLabs/server/node_modules/router/index.js:582:12)
